
NGC Memory map

header_size:        0x10
minimum_chunk_size: 0x100000

available/allocated: 1048544/2097152

free_list:      0 +                100
prev_free:      0 +                100
current_free:   1 +              fff20
last_free:      1 +              fff20

Chunk   0, size: 0x100000
Block at                 10, size:     0x22, next:  -1 +                  0
Block at                 30, size:     0x32, next:  -1 +                  0
Block at                 60, size:     0xae, next:  -1 +                  0
Block at                100, size:  0xfff00, next:   1 +              fff20

Chunk   1, size: 0x100000
Block at                 10, size:  0xfff12, next:  -1 +                  0
Block at              fff20, size:     0xe0, next:  -1 +                  0


NGC Memory map

header_size:        0x10
minimum_chunk_size: 0x100000

available/allocated: 2096928/2097152

free_list:      0 +                 30
prev_free:      0 +                100
current_free:  -1 +                  0
last_free:      1 +                 10

Chunk   0, size: 0x100000
Block at                 10, size:     0x22, next:  -1 +                  0
Block at                 30, size:     0x30, next:   0 +                100
Block at                 60, size:     0xae, next:  -1 +                  0
Block at                100, size:  0xfff00, next:   1 +                 10

Chunk   1, size: 0x100000
Block at                 10, size:  0xffff0, next:  -1 +                  0


NGC Memory map

header_size:        0x10
minimum_chunk_size: 0x100000

available/allocated: 2096880/2097152

free_list:      0 +                100
prev_free:     -1 +                  0
current_free:   0 +                100
last_free:      1 +                 10

Chunk   0, size: 0x100000
Block at                 10, size:     0x22, next:  -1 +                  0
Block at                 30, size:     0x32, next:  -1 +                  0
Block at                 60, size:     0xae, next:  -1 +                  0
Block at                100, size:  0xfff00, next:   1 +                 10

Chunk   1, size: 0x100000
Block at                 10, size:  0xffff0, next:  -1 +                  0

Finalizing

NGC Memory map

header_size:        0x10
minimum_chunk_size: 0x100000

available/allocated: 2097120/2097152

free_list:      0 +                 10
prev_free:     -1 +                  0
current_free:  -1 +                  0
last_free:      1 +                 10

Chunk   0, size: 0x100000
Block at                 10, size:  0xffff0, next:   1 +                 10

Chunk   1, size: 0x100000
Block at                 10, size:  0xffff0, next:  -1 +                  0

